// Jest Snapshot v1, https://goo.gl/fbAQLP

exports[`Welcome Page should render and match the snapshot 1`] = `
<DocumentFragment>
  <div>
    <div
      class="w-full mt-16 py-6 text-center"
    >
      <div
        class="text-6xl font-semibold"
      >
        Welcome to 
        <span
          class="text-xred"
        >
          Todap
        </span>
      </div>
      <div
        class="text-6xl font-semibold mt-4"
      >
        Let's manage your todo list
      </div>
      <div
        class="text-lg font-medium mt-6 mb-12"
      >
        This is an assigment project of Code Academy 2022
      </div>
      <a
        class="font-semibold text-xl border-b border-xred hover:text-white rounded-md py-2 px-8 bg-xred hover:bg-red-500 text-white"
        href="/signup"
      >
        Get started
      </a>
    </div>
  </div>
</DocumentFragment>
`;
